
Allocating common symbols
Common symbol       size              file

kernel_heap_limit   0x4               build/kheap.o
kernel_heap_top     0x4               build/kheap.o
regs                0x4               build/syscall.o
uart_error          0x4               build/uart.o

Memory Configuration

Name             Origin             Length             Attributes
RAM              0x0000000000008000 0x000000001fff8000
PERIPHERALS      0x0000000020000000 0x0000000000ffffff
*default*        0x0000000000000000 0xffffffffffffffff

Linker script and memory map

LOAD build/kheap.o
LOAD build/syscall.o
LOAD build/init.o
LOAD build/hw.o
LOAD build/uart.o
LOAD build/pwm.o
LOAD build/asm_tools.o
LOAD build/util.o
LOAD build/kmain.o
                0x0000000000000200                KERNEL_STACK_SIZE = 0x200
                0x0000000000000200                SYS_STACK_SIZE = 0x200
                0x0000000000000200                IRQ_STACK_SIZE = 0x200
                0x0000000000100000                USER_STACKS_SIZE = 0x100000

.text           0x0000000000008000     0x1368
 build/init.o(.text*)
 .text          0x0000000000008000       0xc4 build/init.o
                0x0000000000008000                _start
 *(.text*)
 .text          0x00000000000080c4      0x368 build/kheap.o
                0x00000000000080c4                aligned_value
                0x0000000000008110                kAlloc_aligned
                0x00000000000082c4                kAlloc
                0x00000000000083b0                kFree
                0x00000000000083fc                kheap_init
 .text          0x000000000000842c      0x278 build/syscall.o
                0x000000000000842c                sys_reboot
                0x0000000000008448                do_sys_reboot
                0x0000000000008454                sys_nop
                0x0000000000008470                do_sys_nop
                0x0000000000008478                sys_settime
                0x00000000000084d4                do_sys_settime
                0x0000000000008548                sys_gettime
                0x00000000000085c0                do_sys_gettime
                0x0000000000008608                swi_handler
 .text          0x00000000000086a4      0x3cc build/hw.o
                0x00000000000086a4                divide
                0x000000000000870c                get_date_ms
                0x0000000000008730                set_date_ms
                0x00000000000087c8                set_next_tick
                0x0000000000008824                set_next_tick_default
                0x0000000000008874                timer_init
                0x00000000000088a4                led_on
                0x00000000000088e4                led_off
                0x0000000000008924                led_switch
                0x0000000000008954                led_status
                0x0000000000008968                led_init
                0x00000000000089a0                led_blink
                0x0000000000008a38                hw_init
                0x0000000000008a4c                terminate_kernel
 .text          0x0000000000008a70      0x640 build/uart.o
                0x0000000000008a70                uart_init
                0x0000000000008b90                uart_send_str
                0x0000000000008c28                uart_send_int
                0x0000000000008df8                uart_receive_str
                0x0000000000008ed4                uart_receive_int
                0x000000000000907c                uart_is_receive_fifo_empty
 .text          0x00000000000090b0      0x230 build/pwm.o
                0x0000000000009250                audio_test
 .text          0x00000000000092e0       0x48 build/asm_tools.o
                0x00000000000092e0                Set32
                0x00000000000092e8                Get32
                0x00000000000092f0                delay
                0x0000000000009304                memory_barrier
                0x000000000000931c                invalidate_cache
 .text          0x0000000000009328       0x10 build/util.o
                0x0000000000009328                kernel_panic
 .text          0x0000000000009338       0x30 build/kmain.o
                0x0000000000009338                kmain
                0x0000000000009368                __bss_start = .

.glue_7         0x0000000000009368        0x0
 .glue_7        0x0000000000009368        0x0 linker stubs

.glue_7t        0x0000000000009368        0x0
 .glue_7t       0x0000000000009368        0x0 linker stubs

.vfp11_veneer   0x0000000000009368        0x0
 .vfp11_veneer  0x0000000000009368        0x0 linker stubs

.v4_bx          0x0000000000009368        0x0
 .v4_bx         0x0000000000009368        0x0 linker stubs

.iplt           0x0000000000009368        0x0
 .iplt          0x0000000000009368        0x0 build/kheap.o

.bss            0x0000000000009368       0x18
 *(.bss*)
 .bss           0x0000000000009368        0x4 build/kheap.o
                0x0000000000009368                freelist
 .bss           0x000000000000936c        0x0 build/syscall.o
 .bss           0x000000000000936c        0x0 build/init.o
 .bss           0x000000000000936c        0x4 build/hw.o
 .bss           0x0000000000009370        0x0 build/uart.o
 .bss           0x0000000000009370        0x0 build/pwm.o
 .bss           0x0000000000009370        0x0 build/asm_tools.o
 .bss           0x0000000000009370        0x0 build/util.o
 .bss           0x0000000000009370        0x0 build/kmain.o
 COMMON         0x0000000000009370        0x8 build/kheap.o
                0x0000000000009370                kernel_heap_limit
                0x0000000000009374                kernel_heap_top
 COMMON         0x0000000000009378        0x4 build/syscall.o
                0x0000000000009378                regs
 COMMON         0x000000000000937c        0x4 build/uart.o
                0x000000000000937c                uart_error
                0x0000000000009380                __bss_end__ = .
                0x0000000000009380                __rodata_start__ = .

.rodata         0x0000000000009380       0x50
 *(.rodata*)
 .rodata        0x0000000000009380        0xe build/syscall.o
 *fill*         0x000000000000938e        0x2 
 .rodata        0x0000000000009390       0x15 build/hw.o
 *fill*         0x00000000000093a5        0x3 
 .rodata        0x00000000000093a8       0x28 build/uart.o
                0x00000000000093d0                __rodata_end__ = .
                0x00000000000093d0                __data_start__ = .

.rel.dyn        0x00000000000093d0        0x0
 .rel.iplt      0x00000000000093d0        0x0 build/kheap.o

.data           0x00000000000093d0       0x1c
 *(.data)
 .data          0x00000000000093d0        0x0 build/kheap.o
 .data          0x00000000000093d0       0x10 build/syscall.o
                0x00000000000093d0                SYSCALL_REBOOT_NUMBER
                0x00000000000093d4                SYSCALL_NOP_NUMBER
                0x00000000000093d8                SYSCALL_SETTIME_NUMBER
                0x00000000000093dc                SYSCALL_GETTIME_NUMBER
 .data          0x00000000000093e0        0x0 build/init.o
 .data          0x00000000000093e0        0x0 build/hw.o
 .data          0x00000000000093e0        0x0 build/uart.o
 .data          0x00000000000093e0        0xc build/pwm.o
 .data          0x00000000000093ec        0x0 build/asm_tools.o
 .data          0x00000000000093ec        0x0 build/util.o
 .data          0x00000000000093ec        0x0 build/kmain.o
                0x00000000000093ec                __data_end__ = .

.igot.plt       0x00000000000093ec        0x0
 .igot.plt      0x00000000000093ec        0x0 build/kheap.o

.stack          0x00000000000093ec      0x600
                0x00000000000093ec                __stack_start__ = .
                0x00000000000095ec                . = (. + KERNEL_STACK_SIZE)
 *fill*         0x00000000000093ec      0x200 
                0x00000000000095ec                . = ALIGN (0x4)
                0x00000000000095ec                __svc_stack_end__ = .
                0x00000000000097ec                . = (. + SYS_STACK_SIZE)
 *fill*         0x00000000000095ec      0x200 
                0x00000000000097ec                . = ALIGN (0x4)
                0x00000000000097ec                __sys_stack_end__ = .
                0x00000000000099ec                . = (. + IRQ_STACK_SIZE)
 *fill*         0x00000000000097ec      0x200 
                0x00000000000099ec                . = ALIGN (0x4)
                0x00000000000099ec                __irq_stack_end__ = .
                0x00000000000099ec                __stacks_end__ = .
                0x000000000000a000                . = ALIGN (0x1000)
                0x000000000000a000                __kernel_heap_start__ = .
                0x0000000000ffffff                . = 0xffffff
                0x0000000000ffffff                __kernel_heap_end__ = .
                0x0000000001000000                . = ALIGN (0x1000)
                0x0000000001000000                __after_kernel_heap__ = .
                0x0000000020000000                . = 0x20000000

.devices        0x0000000020000000   0xffffff
                0x0000000020000000                __devices_start__ = .
                0x0000000020ffffff                . = (. + 0xffffff)
 *fill*         0x0000000020000000   0xffffff 
                0x0000000020ffffff                __devices_end__ = .
OUTPUT(build/kernel.elf elf32-littlearm)

.debug_info     0x0000000000000000      0xc8b
 .debug_info    0x0000000000000000      0x28b build/kheap.o
 .debug_info    0x000000000000028b      0x21a build/syscall.o
 .debug_info    0x00000000000004a5       0x54 build/init.o
 .debug_info    0x00000000000004f9      0x29a build/hw.o
 .debug_info    0x0000000000000793      0x266 build/uart.o
 .debug_info    0x00000000000009f9      0x13a build/pwm.o
 .debug_info    0x0000000000000b33       0x59 build/asm_tools.o
 .debug_info    0x0000000000000b8c       0x6c build/util.o
 .debug_info    0x0000000000000bf8       0x93 build/kmain.o

.debug_abbrev   0x0000000000000000      0x5f5
 .debug_abbrev  0x0000000000000000      0x12d build/kheap.o
 .debug_abbrev  0x000000000000012d       0xe9 build/syscall.o
 .debug_abbrev  0x0000000000000216       0x14 build/init.o
 .debug_abbrev  0x000000000000022a      0x146 build/hw.o
 .debug_abbrev  0x0000000000000370      0x10a build/uart.o
 .debug_abbrev  0x000000000000047a       0xaf build/pwm.o
 .debug_abbrev  0x0000000000000529       0x14 build/asm_tools.o
 .debug_abbrev  0x000000000000053d       0x5c build/util.o
 .debug_abbrev  0x0000000000000599       0x5c build/kmain.o

.debug_aranges  0x0000000000000000      0x120
 .debug_aranges
                0x0000000000000000       0x20 build/kheap.o
 .debug_aranges
                0x0000000000000020       0x20 build/syscall.o
 .debug_aranges
                0x0000000000000040       0x20 build/init.o
 .debug_aranges
                0x0000000000000060       0x20 build/hw.o
 .debug_aranges
                0x0000000000000080       0x20 build/uart.o
 .debug_aranges
                0x00000000000000a0       0x20 build/pwm.o
 .debug_aranges
                0x00000000000000c0       0x20 build/asm_tools.o
 .debug_aranges
                0x00000000000000e0       0x20 build/util.o
 .debug_aranges
                0x0000000000000100       0x20 build/kmain.o

.debug_line     0x0000000000000000      0x57c
 .debug_line    0x0000000000000000       0xea build/kheap.o
 .debug_line    0x00000000000000ea       0xb0 build/syscall.o
 .debug_line    0x000000000000019a       0x67 build/init.o
 .debug_line    0x0000000000000201       0xdf build/hw.o
 .debug_line    0x00000000000002e0       0xf7 build/uart.o
 .debug_line    0x00000000000003d7       0x7b build/pwm.o
 .debug_line    0x0000000000000452       0x4e build/asm_tools.o
 .debug_line    0x00000000000004a0       0x3d build/util.o
 .debug_line    0x00000000000004dd       0x9f build/kmain.o

.debug_str      0x0000000000000000      0x51c
 .debug_str     0x0000000000000000      0x1ef build/kheap.o
                                        0x22a (size before relaxing)
 .debug_str     0x00000000000001ef       0xc8 build/syscall.o
                                        0x239 (size before relaxing)
 .debug_str     0x00000000000002b7      0x102 build/hw.o
                                        0x251 (size before relaxing)
 .debug_str     0x00000000000003b9       0xcb build/uart.o
                                        0x205 (size before relaxing)
 .debug_str     0x0000000000000484       0x36 build/pwm.o
                                        0x172 (size before relaxing)
 .debug_str     0x00000000000004ba       0x26 build/util.o
                                         0xdc (size before relaxing)
 .debug_str     0x00000000000004e0       0x3c build/kmain.o
                                        0x15e (size before relaxing)

.comment        0x0000000000000000       0x65
 .comment       0x0000000000000000       0x65 build/kheap.o
                                         0x66 (size before relaxing)
 .comment       0x0000000000000065       0x66 build/syscall.o
 .comment       0x0000000000000065       0x66 build/hw.o
 .comment       0x0000000000000065       0x66 build/uart.o
 .comment       0x0000000000000065       0x66 build/pwm.o
 .comment       0x0000000000000065       0x66 build/util.o
 .comment       0x0000000000000065       0x66 build/kmain.o

.ARM.attributes
                0x0000000000000000       0x36
 .ARM.attributes
                0x0000000000000000       0x38 build/kheap.o
 .ARM.attributes
                0x0000000000000038       0x38 build/syscall.o
 .ARM.attributes
                0x0000000000000070       0x26 build/init.o
 .ARM.attributes
                0x0000000000000096       0x38 build/hw.o
 .ARM.attributes
                0x00000000000000ce       0x38 build/uart.o
 .ARM.attributes
                0x0000000000000106       0x38 build/pwm.o
 .ARM.attributes
                0x000000000000013e       0x26 build/asm_tools.o
 .ARM.attributes
                0x0000000000000164       0x38 build/util.o
 .ARM.attributes
                0x000000000000019c       0x38 build/kmain.o

.debug_frame    0x0000000000000000      0x444
 .debug_frame   0x0000000000000000       0x9c build/kheap.o
 .debug_frame   0x000000000000009c       0xd8 build/syscall.o
 .debug_frame   0x0000000000000174      0x170 build/hw.o
 .debug_frame   0x00000000000002e4       0xb0 build/uart.o
 .debug_frame   0x0000000000000394       0x60 build/pwm.o
 .debug_frame   0x00000000000003f4       0x24 build/util.o
 .debug_frame   0x0000000000000418       0x2c build/kmain.o
